tests/mypy/test1.py:24: error: Argument 1 to "__call__" of "TripleMultiplierProvider" has incompatible type "str"; expected "float"  [arg-type]
tests/mypy/test1.py:25: error: Unexpected keyword argument "x" for "__call__" of "TripleMultiplierProvider"  [call-arg]
tests/mypy/test1.py:29: error: Argument 1 to "perform" of "TripleMultiplier" has incompatible type "str"; expected "float"  [arg-type]
